src/stormland_v11_portable_ui.c:209:memset	32	static
src/stormland_v11_portable_ui.c:210:memcpy	40	static
src/stormland_v11_portable_ui.c:211:memcmp	48	static
src/stormland_v11_portable_ui.c:331:WinMainCRTStartup	40	static
src/stormland_v11_portable_ui.c:330:AppMain	280	static
src/stormland_v11_portable_ui.c:317:EnsureElevatedOrExit	56	static
src/stormland_v11_portable_ui.c:278:DetectGame	12344	static
src/stormland_v11_portable_ui.c:290:RefreshState	40	static
src/stormland_v11_portable_ui.c:328:WndProc	4344	static
src/stormland_v11_portable_ui.c:316:IsElevated	72	static
src/stormland_v11_portable_ui.c:262:ExeDir	56	static
src/stormland_v11_portable_ui.c:275:ValidateGameRoot	4152	static
src/stormland_v11_portable_ui.c:247:wcopy	40	static
src/stormland_v11_portable_ui.c:277:TryOculusLibraries	9384	static
src/stormland_v11_portable_ui.c:260:JoinPath	72	static
src/stormland_v11_portable_ui.c:276:FindGameUnderSoftwareRoot	8888	static
src/stormland_v11_portable_ui.c:261:ParentDir	56	static
src/stormland_v11_portable_ui.c:246:wlen	16	static
src/stormland_v11_portable_ui.c:259:DirExists	56	static
src/stormland_v11_portable_ui.c:258:FileExists	56	static
src/stormland_v11_portable_ui.c:248:wcat	88	static
src/stormland_v11_portable_ui.c:249:weq	40	static
src/stormland_v11_portable_ui.c:323:Paint	264	static
src/stormland_v11_portable_ui.c:326:ShowInfo	40	static
src/stormland_v11_portable_ui.c:256:ClientToBase	24	static
src/stormland_v11_portable_ui.c:325:Hotspot	72	static
src/stormland_v11_portable_ui.c:257:InRectB	24	static
src/stormland_v11_portable_ui.c:327:StartOperation	72	static
src/stormland_v11_portable_ui.c:279:BrowseForGame	4760	static
src/stormland_v11_portable_ui.c:282:DetectState	24824	static
src/stormland_v11_portable_ui.c:321:DrawDynamic	104	static
src/stormland_v11_portable_ui.c:322:DrawModal	200	static
src/stormland_v11_portable_ui.c:253:RGBc	8	static
src/stormland_v11_portable_ui.c:319:DrawTxt	184	static
src/stormland_v11_portable_ui.c:255:Sy	8	static
src/stormland_v11_portable_ui.c:254:Sx	8	static
src/stormland_v11_portable_ui.c:320:FillBox	152	static
src/stormland_v11_portable_ui.c:314:WorkerProc	5240	static
src/stormland_v11_portable_ui.c:306:WriteDiagnostic	4184	static
src/stormland_v11_portable_ui.c:304:MakeTempDir	4232	static
src/stormland_v11_portable_ui.c:303:RemoveTree	8856	static
src/stormland_v11_portable_ui.c:308:SetProgress	56	static
src/stormland_v11_portable_ui.c:302:ExtractPayload	20744	static
src/stormland_v11_portable_ui.c:309:SetError	40	static
src/stormland_v11_portable_ui.c:311:apply_payload	33080	static
src/stormland_v11_portable_ui.c:312:restore_exact_original	28936	static
src/stormland_v11_portable_ui.c:252:uint_to_w	104	static
src/stormland_v11_portable_ui.c:301:SeekAbs	56	static
src/stormland_v11_portable_ui.c:296:ReadExact	88	static
src/stormland_v11_portable_ui.c:298:ReadU64LE	24	static
src/stormland_v11_portable_ui.c:299:ReadU32LE	8	static
src/stormland_v11_portable_ui.c:300:ReadU16LE	8	static
src/stormland_v11_portable_ui.c:250:wcontains	104	static
src/stormland_v11_portable_ui.c:263:EnsureDirsForFile	72	static
src/stormland_v11_portable_ui.c:297:WriteExact	88	static
src/stormland_v11_portable_ui.c:294:ensure_backup_from_original	28760	static
src/stormland_v11_portable_ui.c:310:payload_paths	4168	static
src/stormland_v11_portable_ui.c:281:game_paths	4168	static
src/stormland_v11_portable_ui.c:273:hash_file	248	static
src/stormland_v11_portable_ui.c:251:ccmp	24	static
src/stormland_v11_portable_ui.c:292:backup_path	4152	static
src/stormland_v11_portable_ui.c:269:sha_init	56	static
src/stormland_v11_portable_ui.c:270:sha_update	72	static
src/stormland_v11_portable_ui.c:271:sha_final	72	static
src/stormland_v11_portable_ui.c:272:hex32	24	static
src/stormland_v11_portable_ui.c:268:sha_block	408	static
src/stormland_v11_portable_ui.c:267:rr	8	static
src/stormland_v11_portable_ui.c:293:find_original_backup	8264	static
